// Jest Snapshot v1, https://goo.gl/fbAQLP

exports[`Prefectureコンポーネント jest renderer test render correctly 1`] = `
<div
  className="MuiFormControl-root makeStyles-formControl-1 makeStyles-contentCenter-3"
>
  <label
    className="MuiFormLabel-root MuiFormLabel-colorSecondary MuiInputLabel-root MuiInputLabel-formControl MuiInputLabel-animated MuiInputLabel-shrink MuiFormLabel-filled"
    data-shrink={true}
    data-testid="select-input"
    id="demo-simple-select-helper-label"
  >
    都道府県
  </label>
  <div
    className="MuiInputBase-root MuiInput-root MuiInput-underline makeStyles-width-5 makeStyles-centerText-4 MuiInputBase-formControl MuiInput-formControl"
    onClick={[Function]}
  >
    <div
      aria-haspopup="listbox"
      aria-labelledby="demo-simple-select-helper-label demo-simple-select-helper"
      className="MuiSelect-root MuiSelect-select MuiSelect-selectMenu MuiInputBase-input MuiInput-input"
      id="demo-simple-select-helper"
      onBlur={[Function]}
      onFocus={[Function]}
      onKeyDown={[Function]}
      onMouseDown={[Function]}
      role="button"
      tabIndex={0}
    >
      北海道
    </div>
    <input
      aria-hidden={true}
      className="MuiSelect-nativeInput"
      onAnimationStart={[Function]}
      onChange={[Function]}
      required={false}
      tabIndex={-1}
      value="1"
    />
    <svg
      aria-hidden={true}
      className="MuiSvgIcon-root MuiSelect-icon"
      focusable="false"
      viewBox="0 0 24 24"
    >
      <path
        d="M7 10l5 5 5-5z"
      />
    </svg>
  </div>
  <p
    className="MuiFormHelperText-root makeStyles-centerText-4 MuiFormHelperText-filled"
  >
    都道府県を選択してください。
  </p>
</div>
`;
